// Jest Snapshot v1, https://goo.gl/fbAQLP

exports[`Pruebas al archivo CounterApp Debe de hacer match con el snapshot 1`] = `
<div>
  <h1>
    CounterApp
  </h1>
  <h2>
     
    1
     
  </h2>
  <button>
    -1
  </button>
  <button
    aria-label="btn-reset"
  >
    Reset
  </button>
  <button>
     +1 
  </button>
</div>
`;
